./check_zod.ts
./es.ts
./public/semaphore/Semaphore.test.ts
./public/semaphore/Semaphore.ts
./src/schema/formSchema.ts
./src/test-examples/add.test.ts
./src/test-examples/set.ts
./src/test-examples/promises.test.ts
./src/test-examples/Vault.ts
./src/test-examples/test.test.ts
./src/test-examples/fs-async.test.ts
./src/test-examples/map.ts
./src/test-examples/stream.ts
./src/test-examples/set.test.ts
./src/test-examples/Vault.test.ts
./src/test-examples/stream2.ts
./src/test-examples/fs-async.ts
./src/test-examples/map.test.ts
./src/test-examples/add.ts
./src/test-examples/zod.ts
./src/test-examples/zod.test.ts
./src/config.ts
./src/server.ts
./src/routes/form.ts
./src/routes/api.ts
